// Jest Snapshot v1, https://goo.gl/fbAQLP

exports[`The <Checkbox /> component Should render the label and checkbox the user will see 1`] = `
<DocumentFragment>
  <div
    class="sc-AxjAm StDqN"
    data-testid="Checkbox"
  >
    <input
      class="sc-AxhCb iqvdaa"
      id="test_checkbox_id"
      type="checkbox"
    />
    <label
      class="sc-AxiKw cwRuvq"
      for="test_checkbox_id"
    >
      <span
        class="sc-AxirZ bZbnmP"
      >
        test_checkbox_label
      </span>
    </label>
  </div>
</DocumentFragment>
`;
